============================= test session starts =============================
platform win32 -- Python 3.11.0, pytest-8.3.5, pluggy-1.5.0
rootdir: C:\Github\CloScaoil
plugins: anyio-4.8.0, langsmith-0.7.14
collected 5 items

tests\test_ocr_fixer.py .....                                            [100%]

============================== 5 passed in 0.11s ==============================
